Archive member included to satisfy reference by file (symbol)

c:/program files/microchip/xc8/v2.40/avr/bin/../lib/gcc/avr/5.4.0/../../../../avr/lib/avr5/memx-const\libm.a(cmpsf2.o)
                              build/default/debug/led.o (__eqsf2)
c:/program files/microchip/xc8/v2.40/avr/bin/../lib/gcc/avr/5.4.0/../../../../avr/lib/avr5/memx-const\libm.a(floatsisf.o)
                              build/default/debug/main.o (__floatunsisf)
c:/program files/microchip/xc8/v2.40/avr/bin/../lib/gcc/avr/5.4.0/../../../../avr/lib/avr5/memx-const\libm.a(fp_cmp.o)
                              c:/program files/microchip/xc8/v2.40/avr/bin/../lib/gcc/avr/5.4.0/../../../../avr/lib/avr5/memx-const\libm.a(cmpsf2.o) (__fp_cmp)
c:/program files/microchip/xc8/v2.40/avr/bin/../lib/gcc/avr/5.4.0/../../../../avr/lib/avr5/memx-const\libm.a(gesf2.o)
                              build/default/debug/led.o (__gtsf2)
c:/program files/microchip/xc8/v2.40/avr/bin/../lib/gcc/avr/5.4.0/avr5/memx-const\libgcc.a(_tablejump2.o)
                              build/default/debug/display.o (__tablejump2__)
c:/program files/microchip/xc8/v2.40/avr/bin/../lib/gcc/avr/5.4.0/avr5/memx-const\libgcc.a(_copy_data.o)
                              build/default/debug/main.o (__do_copy_data)
c:/program files/microchip/xc8/v2.40/avr/bin/../lib/gcc/avr/5.4.0/avr5/memx-const\libgcc.a(_xload_2.o)
                              build/default/debug/display.o (__xload_2)
c:/program files/microchip/xc8/v2.40/avr/bin/../lib/gcc/avr/5.4.0/../../../../avr/lib/avr5/memx-const\libc.a(exit.o)
                              C:/Users/Jonas/.mchp_packs/Microchip/ATmega_DFP/3.0.158/xc8/avr/lib/avr5/memx-const/crtatmega328p.o (exit)
c:/program files/microchip/xc8/v2.40/avr/bin/../lib/gcc/avr/5.4.0/../../../../avr/lib/avr5/memx-const\libc.a(_Exit.o)
                              c:/program files/microchip/xc8/v2.40/avr/bin/../lib/gcc/avr/5.4.0/../../../../avr/lib/avr5/memx-const\libc.a(exit.o) (_Exit)
c:/program files/microchip/xc8/v2.40/avr/bin/../lib/gcc/avr/5.4.0/avr5/memx-const\libgcc.a(_exit.o)
                              c:/program files/microchip/xc8/v2.40/avr/bin/../lib/gcc/avr/5.4.0/../../../../avr/lib/avr5/memx-const\libc.a(_Exit.o) (_exit)

Discarded input sections

 .data          0x0000000000000000        0x0 C:/Users/Jonas/.mchp_packs/Microchip/ATmega_DFP/3.0.158/xc8/avr/lib/avr5/memx-const/crtatmega328p.o
 .bss           0x0000000000000000        0x0 C:/Users/Jonas/.mchp_packs/Microchip/ATmega_DFP/3.0.158/xc8/avr/lib/avr5/memx-const/crtatmega328p.o
 .text          0x0000000000000000        0x0 build/default/debug/main.o
 .data          0x0000000000000000        0x0 build/default/debug/main.o
 .bss           0x0000000000000000        0x0 build/default/debug/main.o
 .text.getCurrentMode
                0x0000000000000000       0x14 build/default/debug/main.o
 .data.illuminence_str
                0x0000000000000000        0xc build/default/debug/main.o
 .data.audio_str
                0x0000000000000000        0xc build/default/debug/main.o
 .text          0x0000000000000000        0x0 build/default/debug/button.o
 .data          0x0000000000000000        0x0 build/default/debug/button.o
 .bss           0x0000000000000000        0x0 build/default/debug/button.o
 .text          0x0000000000000000        0x0 build/default/debug/led.o
 .data          0x0000000000000000        0x0 build/default/debug/led.o
 .bss           0x0000000000000000        0x0 build/default/debug/led.o
 .text          0x0000000000000000        0x0 build/default/debug/usart.o
 .data          0x0000000000000000        0x0 build/default/debug/usart.o
 .bss           0x0000000000000000        0x0 build/default/debug/usart.o
 .text          0x0000000000000000        0x0 build/default/debug/adc.o
 .data          0x0000000000000000        0x0 build/default/debug/adc.o
 .bss           0x0000000000000000        0x0 build/default/debug/adc.o
 .bss.test      0x0000000000000000        0x2 build/default/debug/adc.o
 .bss.data      0x0000000000000000        0x4 build/default/debug/adc.o
 .text          0x0000000000000000        0x0 build/default/debug/display.o
 .data          0x0000000000000000        0x0 build/default/debug/display.o
 .bss           0x0000000000000000        0x0 build/default/debug/display.o
 .text.Draw_CurrentMode
                0x0000000000000000       0x36 build/default/debug/display.o
 .text          0x0000000000000000        0x0 build/default/debug/tft.o
 .data          0x0000000000000000        0x0 build/default/debug/tft.o
 .bss           0x0000000000000000        0x0 build/default/debug/tft.o
 .debug_info    0x0000000000000000      0x21f build/default/debug/tft.o
 .debug_abbrev  0x0000000000000000       0x1b build/default/debug/tft.o
 .debug_aranges
                0x0000000000000000       0x18 build/default/debug/tft.o
 .debug_line    0x0000000000000000       0x1a build/default/debug/tft.o
 .debug_str     0x0000000000000000        0x0 build/default/debug/tft.o
 .comment       0x0000000000000000       0x30 build/default/debug/tft.o
 .data          0x0000000000000000        0x0 c:/program files/microchip/xc8/v2.40/avr/bin/../lib/gcc/avr/5.4.0/../../../../avr/lib/avr5/memx-const\libm.a(cmpsf2.o)
 .bss           0x0000000000000000        0x0 c:/program files/microchip/xc8/v2.40/avr/bin/../lib/gcc/avr/5.4.0/../../../../avr/lib/avr5/memx-const\libm.a(cmpsf2.o)
 .stack.descriptors
                0x0000000000000000       0x6a c:/program files/microchip/xc8/v2.40/avr/bin/../lib/gcc/avr/5.4.0/../../../../avr/lib/avr5/memx-const\libm.a(cmpsf2.o)
 .data          0x0000000000000000        0x0 c:/program files/microchip/xc8/v2.40/avr/bin/../lib/gcc/avr/5.4.0/../../../../avr/lib/avr5/memx-const\libm.a(floatsisf.o)
 .bss           0x0000000000000000        0x0 c:/program files/microchip/xc8/v2.40/avr/bin/../lib/gcc/avr/5.4.0/../../../../avr/lib/avr5/memx-const\libm.a(floatsisf.o)
 .stack.descriptors
                0x0000000000000000       0x34 c:/program files/microchip/xc8/v2.40/avr/bin/../lib/gcc/avr/5.4.0/../../../../avr/lib/avr5/memx-const\libm.a(floatsisf.o)
 .data          0x0000000000000000        0x0 c:/program files/microchip/xc8/v2.40/avr/bin/../lib/gcc/avr/5.4.0/../../../../avr/lib/avr5/memx-const\libm.a(fp_cmp.o)
 .bss           0x0000000000000000        0x0 c:/program files/microchip/xc8/v2.40/avr/bin/../lib/gcc/avr/5.4.0/../../../../avr/lib/avr5/memx-const\libm.a(fp_cmp.o)
 .stack.descriptors
                0x0000000000000000       0x16 c:/program files/microchip/xc8/v2.40/avr/bin/../lib/gcc/avr/5.4.0/../../../../avr/lib/avr5/memx-const\libm.a(fp_cmp.o)
 .data          0x0000000000000000        0x0 c:/program files/microchip/xc8/v2.40/avr/bin/../lib/gcc/avr/5.4.0/../../../../avr/lib/avr5/memx-const\libm.a(gesf2.o)
 .bss           0x0000000000000000        0x0 c:/program files/microchip/xc8/v2.40/avr/bin/../lib/gcc/avr/5.4.0/../../../../avr/lib/avr5/memx-const\libm.a(gesf2.o)
 .stack.descriptors
                0x0000000000000000       0x2a c:/program files/microchip/xc8/v2.40/avr/bin/../lib/gcc/avr/5.4.0/../../../../avr/lib/avr5/memx-const\libm.a(gesf2.o)
 .text          0x0000000000000000        0x0 c:/program files/microchip/xc8/v2.40/avr/bin/../lib/gcc/avr/5.4.0/avr5/memx-const\libgcc.a(_tablejump2.o)
 .data          0x0000000000000000        0x0 c:/program files/microchip/xc8/v2.40/avr/bin/../lib/gcc/avr/5.4.0/avr5/memx-const\libgcc.a(_tablejump2.o)
 .bss           0x0000000000000000        0x0 c:/program files/microchip/xc8/v2.40/avr/bin/../lib/gcc/avr/5.4.0/avr5/memx-const\libgcc.a(_tablejump2.o)
 .text.libgcc.mul
                0x0000000000000000        0x0 c:/program files/microchip/xc8/v2.40/avr/bin/../lib/gcc/avr/5.4.0/avr5/memx-const\libgcc.a(_tablejump2.o)
 .text.libgcc.div
                0x0000000000000000        0x0 c:/program files/microchip/xc8/v2.40/avr/bin/../lib/gcc/avr/5.4.0/avr5/memx-const\libgcc.a(_tablejump2.o)
 .text.libgcc.prologue
                0x0000000000000000        0x0 c:/program files/microchip/xc8/v2.40/avr/bin/../lib/gcc/avr/5.4.0/avr5/memx-const\libgcc.a(_tablejump2.o)
 .stack.descriptors
                0x0000000000000000       0x1c c:/program files/microchip/xc8/v2.40/avr/bin/../lib/gcc/avr/5.4.0/avr5/memx-const\libgcc.a(_tablejump2.o)
 .text.libgcc.builtins
                0x0000000000000000        0x0 c:/program files/microchip/xc8/v2.40/avr/bin/../lib/gcc/avr/5.4.0/avr5/memx-const\libgcc.a(_tablejump2.o)
 .text.libgcc.fmul
                0x0000000000000000        0x0 c:/program files/microchip/xc8/v2.40/avr/bin/../lib/gcc/avr/5.4.0/avr5/memx-const\libgcc.a(_tablejump2.o)
 .text.libgcc.fixed
                0x0000000000000000        0x0 c:/program files/microchip/xc8/v2.40/avr/bin/../lib/gcc/avr/5.4.0/avr5/memx-const\libgcc.a(_tablejump2.o)
 .text          0x0000000000000000        0x0 c:/program files/microchip/xc8/v2.40/avr/bin/../lib/gcc/avr/5.4.0/avr5/memx-const\libgcc.a(_copy_data.o)
 .data          0x0000000000000000        0x0 c:/program files/microchip/xc8/v2.40/avr/bin/../lib/gcc/avr/5.4.0/avr5/memx-const\libgcc.a(_copy_data.o)
 .bss           0x0000000000000000        0x0 c:/program files/microchip/xc8/v2.40/avr/bin/../lib/gcc/avr/5.4.0/avr5/memx-const\libgcc.a(_copy_data.o)
 .text.libgcc.mul
                0x0000000000000000        0x0 c:/program files/microchip/xc8/v2.40/avr/bin/../lib/gcc/avr/5.4.0/avr5/memx-const\libgcc.a(_copy_data.o)
 .text.libgcc.div
                0x0000000000000000        0x0 c:/program files/microchip/xc8/v2.40/avr/bin/../lib/gcc/avr/5.4.0/avr5/memx-const\libgcc.a(_copy_data.o)
 .text.libgcc   0x0000000000000000        0x0 c:/program files/microchip/xc8/v2.40/avr/bin/../lib/gcc/avr/5.4.0/avr5/memx-const\libgcc.a(_copy_data.o)
 .text.libgcc.prologue
                0x0000000000000000        0x0 c:/program files/microchip/xc8/v2.40/avr/bin/../lib/gcc/avr/5.4.0/avr5/memx-const\libgcc.a(_copy_data.o)
 .text.libgcc.builtins
                0x0000000000000000        0x0 c:/program files/microchip/xc8/v2.40/avr/bin/../lib/gcc/avr/5.4.0/avr5/memx-const\libgcc.a(_copy_data.o)
 .text.libgcc.fmul
                0x0000000000000000        0x0 c:/program files/microchip/xc8/v2.40/avr/bin/../lib/gcc/avr/5.4.0/avr5/memx-const\libgcc.a(_copy_data.o)
 .text.libgcc.fixed
                0x0000000000000000        0x0 c:/program files/microchip/xc8/v2.40/avr/bin/../lib/gcc/avr/5.4.0/avr5/memx-const\libgcc.a(_copy_data.o)
 .text          0x0000000000000000        0x0 c:/program files/microchip/xc8/v2.40/avr/bin/../lib/gcc/avr/5.4.0/avr5/memx-const\libgcc.a(_xload_2.o)
 .data          0x0000000000000000        0x0 c:/program files/microchip/xc8/v2.40/avr/bin/../lib/gcc/avr/5.4.0/avr5/memx-const\libgcc.a(_xload_2.o)
 .bss           0x0000000000000000        0x0 c:/program files/microchip/xc8/v2.40/avr/bin/../lib/gcc/avr/5.4.0/avr5/memx-const\libgcc.a(_xload_2.o)
 .text.libgcc.mul
                0x0000000000000000        0x0 c:/program files/microchip/xc8/v2.40/avr/bin/../lib/gcc/avr/5.4.0/avr5/memx-const\libgcc.a(_xload_2.o)
 .text.libgcc.div
                0x0000000000000000        0x0 c:/program files/microchip/xc8/v2.40/avr/bin/../lib/gcc/avr/5.4.0/avr5/memx-const\libgcc.a(_xload_2.o)
 .text.libgcc.prologue
                0x0000000000000000        0x0 c:/program files/microchip/xc8/v2.40/avr/bin/../lib/gcc/avr/5.4.0/avr5/memx-const\libgcc.a(_xload_2.o)
 .stack.descriptors
                0x0000000000000000       0x17 c:/program files/microchip/xc8/v2.40/avr/bin/../lib/gcc/avr/5.4.0/avr5/memx-const\libgcc.a(_xload_2.o)
 .text.libgcc.builtins
                0x0000000000000000        0x0 c:/program files/microchip/xc8/v2.40/avr/bin/../lib/gcc/avr/5.4.0/avr5/memx-const\libgcc.a(_xload_2.o)
 .text.libgcc.fmul
                0x0000000000000000        0x0 c:/program files/microchip/xc8/v2.40/avr/bin/../lib/gcc/avr/5.4.0/avr5/memx-const\libgcc.a(_xload_2.o)
 .text.libgcc.fixed
                0x0000000000000000        0x0 c:/program files/microchip/xc8/v2.40/avr/bin/../lib/gcc/avr/5.4.0/avr5/memx-const\libgcc.a(_xload_2.o)
 .text          0x0000000000000000        0x0 c:/program files/microchip/xc8/v2.40/avr/bin/../lib/gcc/avr/5.4.0/../../../../avr/lib/avr5/memx-const\libc.a(exit.o)
 .data          0x0000000000000000        0x0 c:/program files/microchip/xc8/v2.40/avr/bin/../lib/gcc/avr/5.4.0/../../../../avr/lib/avr5/memx-const\libc.a(exit.o)
 .bss           0x0000000000000000        0x0 c:/program files/microchip/xc8/v2.40/avr/bin/../lib/gcc/avr/5.4.0/../../../../avr/lib/avr5/memx-const\libc.a(exit.o)
 .text          0x0000000000000000        0x0 c:/program files/microchip/xc8/v2.40/avr/bin/../lib/gcc/avr/5.4.0/../../../../avr/lib/avr5/memx-const\libc.a(_Exit.o)
 .data          0x0000000000000000        0x0 c:/program files/microchip/xc8/v2.40/avr/bin/../lib/gcc/avr/5.4.0/../../../../avr/lib/avr5/memx-const\libc.a(_Exit.o)
 .bss           0x0000000000000000        0x0 c:/program files/microchip/xc8/v2.40/avr/bin/../lib/gcc/avr/5.4.0/../../../../avr/lib/avr5/memx-const\libc.a(_Exit.o)
 .text          0x0000000000000000        0x0 c:/program files/microchip/xc8/v2.40/avr/bin/../lib/gcc/avr/5.4.0/avr5/memx-const\libgcc.a(_exit.o)
 .data          0x0000000000000000        0x0 c:/program files/microchip/xc8/v2.40/avr/bin/../lib/gcc/avr/5.4.0/avr5/memx-const\libgcc.a(_exit.o)
 .bss           0x0000000000000000        0x0 c:/program files/microchip/xc8/v2.40/avr/bin/../lib/gcc/avr/5.4.0/avr5/memx-const\libgcc.a(_exit.o)
 .text.libgcc.mul
                0x0000000000000000        0x0 c:/program files/microchip/xc8/v2.40/avr/bin/../lib/gcc/avr/5.4.0/avr5/memx-const\libgcc.a(_exit.o)
 .text.libgcc.div
                0x0000000000000000        0x0 c:/program files/microchip/xc8/v2.40/avr/bin/../lib/gcc/avr/5.4.0/avr5/memx-const\libgcc.a(_exit.o)
 .text.libgcc   0x0000000000000000        0x0 c:/program files/microchip/xc8/v2.40/avr/bin/../lib/gcc/avr/5.4.0/avr5/memx-const\libgcc.a(_exit.o)
 .text.libgcc.prologue
                0x0000000000000000        0x0 c:/program files/microchip/xc8/v2.40/avr/bin/../lib/gcc/avr/5.4.0/avr5/memx-const\libgcc.a(_exit.o)
 .stack.descriptors
                0x0000000000000000       0x13 c:/program files/microchip/xc8/v2.40/avr/bin/../lib/gcc/avr/5.4.0/avr5/memx-const\libgcc.a(_exit.o)
 .text.libgcc.builtins
                0x0000000000000000        0x0 c:/program files/microchip/xc8/v2.40/avr/bin/../lib/gcc/avr/5.4.0/avr5/memx-const\libgcc.a(_exit.o)
 .text.libgcc.fmul
                0x0000000000000000        0x0 c:/program files/microchip/xc8/v2.40/avr/bin/../lib/gcc/avr/5.4.0/avr5/memx-const\libgcc.a(_exit.o)
 .text.libgcc.fixed
                0x0000000000000000        0x0 c:/program files/microchip/xc8/v2.40/avr/bin/../lib/gcc/avr/5.4.0/avr5/memx-const\libgcc.a(_exit.o)

Memory Configuration

Name             Origin             Length             Attributes
text             0x0000000000000000 0x0000000000008000 xr
data             0x0000000000800100 0x0000000000000800 rw !x
eeprom           0x0000000000810000 0x0000000000000400 rw !x
fuse             0x0000000000820000 0x0000000000000003 rw !x
lock             0x0000000000830000 0x0000000000000400 rw !x
signature        0x0000000000840000 0x0000000000000400 rw !x
user_signatures  0x0000000000850000 0x0000000000000400 rw !x
*default*        0x0000000000000000 0xffffffffffffffff

Linker script and memory map

Address of section .data set to 0x800100
LOAD C:/Users/Jonas/.mchp_packs/Microchip/ATmega_DFP/3.0.158/xc8/avr/lib/avr5/memx-const/crtatmega328p.o
                0x0000000000000001                __MPLAB_BUILD = 0x1
LOAD build/default/debug/main.o
LOAD build/default/debug/button.o
LOAD build/default/debug/led.o
LOAD build/default/debug/usart.o
LOAD build/default/debug/adc.o
LOAD build/default/debug/display.o
LOAD build/default/debug/tft.o
START GROUP
LOAD c:/program files/microchip/xc8/v2.40/avr/bin/../lib/gcc/avr/5.4.0/../../../../avr/lib/avr5/memx-const\libm.a
END GROUP
                0x0000000000000001                __MPLAB_DEBUG = 0x1
                0x0000000000000001                __DEBUG = 0x1
START GROUP
LOAD c:/program files/microchip/xc8/v2.40/avr/bin/../lib/gcc/avr/5.4.0/avr5/memx-const\libgcc.a
LOAD c:/program files/microchip/xc8/v2.40/avr/bin/../lib/gcc/avr/5.4.0/../../../../avr/lib/avr5/memx-const\libm.a
LOAD c:/program files/microchip/xc8/v2.40/avr/bin/../lib/gcc/avr/5.4.0/../../../../avr/lib/avr5/memx-const\libc.a
LOAD C:/Users/Jonas/.mchp_packs/Microchip/ATmega_DFP/3.0.158/xc8/avr/lib/avr5/memx-const\libatmega328p.a
END GROUP
                0x0000000000000000                __TEXT_REGION_ORIGIN__ = DEFINED (__TEXT_REGION_ORIGIN__)?__TEXT_REGION_ORIGIN__:0x0
                [0x0000000000800100]                __DATA_REGION_ORIGIN__ = DEFINED (__DATA_REGION_ORIGIN__)?__DATA_REGION_ORIGIN__:0x800060
                [0x0000000000008000]                __TEXT_REGION_LENGTH__ = DEFINED (__TEXT_REGION_LENGTH__)?__TEXT_REGION_LENGTH__:0x20000
                [0x0000000000000800]                __DATA_REGION_LENGTH__ = DEFINED (__DATA_REGION_LENGTH__)?__DATA_REGION_LENGTH__:0xffa0
                [0x0000000000000400]                __EEPROM_REGION_LENGTH__ = DEFINED (__EEPROM_REGION_LENGTH__)?__EEPROM_REGION_LENGTH__:0x10000
                [0x0000000000000003]                __FUSE_REGION_LENGTH__ = DEFINED (__FUSE_REGION_LENGTH__)?__FUSE_REGION_LENGTH__:0x400
                0x0000000000000400                __LOCK_REGION_LENGTH__ = DEFINED (__LOCK_REGION_LENGTH__)?__LOCK_REGION_LENGTH__:0x400
                0x0000000000000400                __SIGNATURE_REGION_LENGTH__ = DEFINED (__SIGNATURE_REGION_LENGTH__)?__SIGNATURE_REGION_LENGTH__:0x400
                0x0000000000000400                __USER_SIGNATURE_REGION_LENGTH__ = DEFINED (__USER_SIGNATURE_REGION_LENGTH__)?__USER_SIGNATURE_REGION_LENGTH__:0x400

.hash
 *(.hash)

.dynsym
 *(.dynsym)

.dynstr
 *(.dynstr)

.gnu.version
 *(.gnu.version)

.gnu.version_d
 *(.gnu.version_d)

.gnu.version_r
 *(.gnu.version_r)

.rel.init
 *(.rel.init)

.rela.init
 *(.rela.init)

.rel.text
 *(.rel.text)
 *(.rel.text.*)
 *(.rel.gnu.linkonce.t*)

.rela.text
 *(.rela.text)
 *(.rela.text.*)
 *(.rela.gnu.linkonce.t*)

.rel.fini
 *(.rel.fini)

.rela.fini
 *(.rela.fini)

.rel.rodata
 *(.rel.rodata)
 *(.rel.rodata.*)
 *(.rel.gnu.linkonce.r*)

.rela.rodata
 *(.rela.rodata)
 *(.rela.rodata.*)
 *(.rela.gnu.linkonce.r*)

.rel.data
 *(.rel.data)
 *(.rel.data.*)
 *(.rel.gnu.linkonce.d*)

.rela.data
 *(.rela.data)
 *(.rela.data.*)
 *(.rela.gnu.linkonce.d*)

.rel.ctors
 *(.rel.ctors)

.rela.ctors
 *(.rela.ctors)

.rel.dtors
 *(.rel.dtors)

.rela.dtors
 *(.rela.dtors)

.rel.got
 *(.rel.got)

.rela.got
 *(.rela.got)

.rel.bss
 *(.rel.bss)

.rela.bss
 *(.rela.bss)

.rel.plt
 *(.rel.plt)

.rela.plt
 *(.rela.plt)

.text           0x0000000000000000      0x16e
 *(.vectors)
 .vectors       0x0000000000000000       0x68 C:/Users/Jonas/.mchp_packs/Microchip/ATmega_DFP/3.0.158/xc8/avr/lib/avr5/memx-const/crtatmega328p.o
                0x0000000000000000                __vector_default
                0x0000000000000000                __vectors
 *(.vectors)
 *(.progmem.gcc*)
 .progmem.gcc_sw_table.TFT_Print
                0x0000000000000068       0x9a build/default/debug/display.o
 *(.dinit)
 .dinit         0x0000000000000102       0x18 data_init
                0x000000000000011a                . = ALIGN (0x2)
 *fill*         0x000000000000011a        0x0 
                0x000000000000011a                __trampolines_start = .
 *(.trampolines)
 .trampolines   0x000000000000011a        0x0 linker stubs
 *(.trampolines*)
                0x000000000000011a                __trampolines_end = .
 *libprintf_flt.a:*(.progmem.data)
 *libc.a:*(.progmem.data)
                0x000000000000011a                . = ALIGN (0x2)
 *(.jumptables)
 *(.jumptables*)
 *(.lowtext)
 *(.lowtext*)
                0x000000000000011a                __ctors_start = .
 *(.ctors)
                0x000000000000011a                __ctors_end = .
                0x000000000000011a                __dtors_start = .
 *(.dtors)
                0x000000000000011a                __dtors_end = .
 SORT(*)(.ctors)
 SORT(*)(.dtors)
 *(.init0)
 .init0         0x000000000000011a        0x0 C:/Users/Jonas/.mchp_packs/Microchip/ATmega_DFP/3.0.158/xc8/avr/lib/avr5/memx-const/crtatmega328p.o
                0x000000000000011a                __init
 *(.init0)
 *(.init1)
 *(.init1)
 *(.init2)
 .init2         0x000000000000011a        0xc C:/Users/Jonas/.mchp_packs/Microchip/ATmega_DFP/3.0.158/xc8/avr/lib/avr5/memx-const/crtatmega328p.o
 *(.init2)
 *(.init3)
 *(.init3)
 *(.init4)
 .init4         0x0000000000000126       0x3c c:/program files/microchip/xc8/v2.40/avr/bin/../lib/gcc/avr/5.4.0/avr5/memx-const\libgcc.a(_copy_data.o)
                0x0000000000000126                __do_copy_data
                0x0000000000000154                __do_clear_bss
 *(.init4)
 *(.init5)
 *(.init5)
 *(.init6)
 *(.init6)
 *(.init7)
 *(.init7)
 *(.init8)
 *(.init8)
 *(.init9)
 .init9         0x0000000000000162        0x8 C:/Users/Jonas/.mchp_packs/Microchip/ATmega_DFP/3.0.158/xc8/avr/lib/avr5/memx-const/crtatmega328p.o
 *(.init9)
                0x000000000000016a                . = ALIGN (0x2)
 *(.fini9)
 .fini9         0x000000000000016a        0x0 c:/program files/microchip/xc8/v2.40/avr/bin/../lib/gcc/avr/5.4.0/avr5/memx-const\libgcc.a(_exit.o)
                0x000000000000016a                _exit
 *(.fini9)
 *(.fini8)
 *(.fini8)
 *(.fini7)
 *(.fini7)
 *(.fini6)
 *(.fini6)
 *(.fini5)
 *(.fini5)
 *(.fini4)
 *(.fini4)
 *(.fini3)
 *(.fini3)
 *(.fini2)
 *(.fini2)
 *(.fini1)
 *(.fini1)
 *(.fini0)
 .fini0         0x000000000000016a        0x4 c:/program files/microchip/xc8/v2.40/avr/bin/../lib/gcc/avr/5.4.0/avr5/memx-const\libgcc.a(_exit.o)
 *(.fini0)
                0x000000000000016e                _etext = .

.data           0x0000000000800100        0x0 load address 0x000000000000016e
                [!provide]                        PROVIDE (__data_start, .)
 *(.gnu.linkonce.d*)
 *(.gnu.linkonce.r*)
                0x0000000000800100                . = ALIGN (0x2)
                0x0000000000800100                _edata = .
                [!provide]                        PROVIDE (__data_end, .)

.bss            0x0000000000800100        0x0
                [!provide]                        PROVIDE (__bss_start, .)
 *(COMMON)
                [!provide]                        PROVIDE (__bss_end, .)
                0x000000000000016e                __data_load_start = LOADADDR (.data)
                0x000000000000016e                __data_load_end = (__data_load_start + SIZEOF (.data))

.noinit         0x0000000000800100        0x0
                [!provide]                        PROVIDE (__noinit_start, .)
 *(.noinit*)
                [!provide]                        PROVIDE (__noinit_end, .)
                0x0000000000800100                _end = .

.eeprom         0x0000000000810000        0x0
 *(.eeprom*)
                0x0000000000810000                __eeprom_end = .

.fuse
 *(.fuse)
 *(.lfuse)
 *(.hfuse)
 *(.efuse)

.lock
 *(.lock*)

.signature
 *(.signature*)

.user_signatures
 *(.user_signatures*)

.stab
 *(.stab)

.stabstr
 *(.stabstr)

.stab.excl
 *(.stab.excl)

.stab.exclstr
 *(.stab.exclstr)

.stab.index
 *(.stab.index)

.stab.indexstr
 *(.stab.indexstr)

.comment        0x0000000000000000       0x2f
 *(.comment)
 .comment       0x0000000000000000       0x2f build/default/debug/main.o
                                         0x30 (size before relaxing)
 .comment       0x000000000000002f       0x30 build/default/debug/button.o
 .comment       0x000000000000002f       0x30 build/default/debug/led.o
 .comment       0x000000000000002f       0x30 build/default/debug/usart.o
 .comment       0x000000000000002f       0x30 build/default/debug/adc.o
 .comment       0x000000000000002f       0x30 build/default/debug/display.o
 .comment       0x000000000000002f       0x30 c:/program files/microchip/xc8/v2.40/avr/bin/../lib/gcc/avr/5.4.0/../../../../avr/lib/avr5/memx-const\libc.a(exit.o)
 .comment       0x000000000000002f       0x30 c:/program files/microchip/xc8/v2.40/avr/bin/../lib/gcc/avr/5.4.0/../../../../avr/lib/avr5/memx-const\libc.a(_Exit.o)

.stack.descriptors.hdr
                0x0000000000000000       0x62
 .stack.descriptors.hdr
                0x0000000000000000        0xe c:/program files/microchip/xc8/v2.40/avr/bin/../lib/gcc/avr/5.4.0/../../../../avr/lib/avr5/memx-const\libm.a(cmpsf2.o)
 .stack.descriptors.hdr
                0x000000000000000e        0xe c:/program files/microchip/xc8/v2.40/avr/bin/../lib/gcc/avr/5.4.0/../../../../avr/lib/avr5/memx-const\libm.a(floatsisf.o)
 .stack.descriptors.hdr
                0x000000000000001c        0xe c:/program files/microchip/xc8/v2.40/avr/bin/../lib/gcc/avr/5.4.0/../../../../avr/lib/avr5/memx-const\libm.a(fp_cmp.o)
 .stack.descriptors.hdr
                0x000000000000002a        0xe c:/program files/microchip/xc8/v2.40/avr/bin/../lib/gcc/avr/5.4.0/../../../../avr/lib/avr5/memx-const\libm.a(gesf2.o)
 .stack.descriptors.hdr
                0x0000000000000038        0xe c:/program files/microchip/xc8/v2.40/avr/bin/../lib/gcc/avr/5.4.0/avr5/memx-const\libgcc.a(_tablejump2.o)
 .stack.descriptors.hdr
                0x0000000000000046        0xe c:/program files/microchip/xc8/v2.40/avr/bin/../lib/gcc/avr/5.4.0/avr5/memx-const\libgcc.a(_xload_2.o)
 .stack.descriptors.hdr
                0x0000000000000054        0xe c:/program files/microchip/xc8/v2.40/avr/bin/../lib/gcc/avr/5.4.0/avr5/memx-const\libgcc.a(_exit.o)

.note.GNU-stack
                0x0000000000000000        0x0
 .note.GNU-stack
                0x0000000000000000        0x0 c:/program files/microchip/xc8/v2.40/avr/bin/../lib/gcc/avr/5.4.0/../../../../avr/lib/avr5/memx-const\libm.a(cmpsf2.o)
 .note.GNU-stack
                0x0000000000000000        0x0 c:/program files/microchip/xc8/v2.40/avr/bin/../lib/gcc/avr/5.4.0/../../../../avr/lib/avr5/memx-const\libm.a(floatsisf.o)
 .note.GNU-stack
                0x0000000000000000        0x0 c:/program files/microchip/xc8/v2.40/avr/bin/../lib/gcc/avr/5.4.0/../../../../avr/lib/avr5/memx-const\libm.a(fp_cmp.o)
 .note.GNU-stack
                0x0000000000000000        0x0 c:/program files/microchip/xc8/v2.40/avr/bin/../lib/gcc/avr/5.4.0/../../../../avr/lib/avr5/memx-const\libm.a(gesf2.o)
 .note.GNU-stack
                0x0000000000000000        0x0 c:/program files/microchip/xc8/v2.40/avr/bin/../lib/gcc/avr/5.4.0/../../../../avr/lib/avr5/memx-const\libc.a(exit.o)
 .note.GNU-stack
                0x0000000000000000        0x0 c:/program files/microchip/xc8/v2.40/avr/bin/../lib/gcc/avr/5.4.0/../../../../avr/lib/avr5/memx-const\libc.a(_Exit.o)

.note.gnu.build-id
 *(.note.gnu.build-id)

.debug
 *(.debug)

.line
 *(.line)

.debug_srcinfo
 *(.debug_srcinfo)

.debug_sfnames
 *(.debug_sfnames)

.debug_aranges  0x0000000000000000      0x188
 *(.debug_aranges)
 .debug_aranges
                0x0000000000000000       0x38 build/default/debug/main.o
 .debug_aranges
                0x0000000000000038       0x30 build/default/debug/button.o
 .debug_aranges
                0x0000000000000068       0x38 build/default/debug/led.o
 .debug_aranges
                0x00000000000000a0       0x30 build/default/debug/usart.o
 .debug_aranges
                0x00000000000000d0       0x30 build/default/debug/adc.o
 .debug_aranges
                0x0000000000000100       0x88 build/default/debug/display.o

.debug_pubnames
 *(.debug_pubnames)

.debug_info     0x0000000000000000     0x2463
 *(.debug_info .gnu.linkonce.wi.*)
 .debug_info    0x0000000000000000      0x5f4 C:/Users/Jonas/.mchp_packs/Microchip/ATmega_DFP/3.0.158/xc8/avr/lib/avr5/memx-const/crtatmega328p.o
 .debug_info    0x00000000000005f4      0x659 build/default/debug/main.o
 .debug_info    0x0000000000000c4d      0x30e build/default/debug/button.o
 .debug_info    0x0000000000000f5b      0x2d1 build/default/debug/led.o
 .debug_info    0x000000000000122c      0x2ad build/default/debug/usart.o
 .debug_info    0x00000000000014d9      0x318 build/default/debug/adc.o
 .debug_info    0x00000000000017f1      0xc72 build/default/debug/display.o

.debug_abbrev   0x0000000000000000      0xb88
 *(.debug_abbrev)
 .debug_abbrev  0x0000000000000000      0x5a2 C:/Users/Jonas/.mchp_packs/Microchip/ATmega_DFP/3.0.158/xc8/avr/lib/avr5/memx-const/crtatmega328p.o
 .debug_abbrev  0x00000000000005a2      0x1b6 build/default/debug/main.o
 .debug_abbrev  0x0000000000000758       0xc0 build/default/debug/button.o
 .debug_abbrev  0x0000000000000818       0x94 build/default/debug/led.o
 .debug_abbrev  0x00000000000008ac       0x80 build/default/debug/usart.o
 .debug_abbrev  0x000000000000092c       0x78 build/default/debug/adc.o
 .debug_abbrev  0x00000000000009a4      0x1e4 build/default/debug/display.o

.debug_line     0x0000000000000000      0xe48
 *(.debug_line .debug_line.* .debug_line_end)
 .debug_line    0x0000000000000000      0x137 C:/Users/Jonas/.mchp_packs/Microchip/ATmega_DFP/3.0.158/xc8/avr/lib/avr5/memx-const/crtatmega328p.o
 .debug_line    0x0000000000000137      0x215 build/default/debug/main.o
 .debug_line    0x000000000000034c      0x12e build/default/debug/button.o
 .debug_line    0x000000000000047a      0x21f build/default/debug/led.o
 .debug_line    0x0000000000000699       0xeb build/default/debug/usart.o
 .debug_line    0x0000000000000784      0x1a6 build/default/debug/adc.o
 .debug_line    0x000000000000092a      0x51e build/default/debug/display.o

.debug_frame    0x0000000000000000      0x43c
 *(.debug_frame)
 .debug_frame   0x0000000000000000       0x54 build/default/debug/main.o
 .debug_frame   0x0000000000000054       0x8c build/default/debug/button.o
 .debug_frame   0x00000000000000e0       0x68 build/default/debug/led.o
 .debug_frame   0x0000000000000148       0x44 build/default/debug/usart.o
 .debug_frame   0x000000000000018c       0x54 build/default/debug/adc.o
 .debug_frame   0x00000000000001e0      0x25c build/default/debug/display.o

.debug_str      0x0000000000000000      0x2ff
 *(.debug_str)
 .debug_str     0x0000000000000000      0x208 C:/Users/Jonas/.mchp_packs/Microchip/ATmega_DFP/3.0.158/xc8/avr/lib/avr5/memx-const/crtatmega328p.o
 .debug_str     0x0000000000000208       0xdf build/default/debug/main.o
 .debug_str     0x00000000000002e7       0x18 build/default/debug/button.o
 .debug_str     0x00000000000002ff        0x0 build/default/debug/led.o
 .debug_str     0x00000000000002ff        0x0 build/default/debug/usart.o
 .debug_str     0x00000000000002ff        0x0 build/default/debug/adc.o
 .debug_str     0x00000000000002ff        0x0 build/default/debug/display.o

.debug_loc      0x0000000000000000      0xa8e
 *(.debug_loc)
 .debug_loc     0x0000000000000000       0xb6 build/default/debug/main.o
 .debug_loc     0x00000000000000b6       0x34 build/default/debug/button.o
 .debug_loc     0x00000000000000ea       0x45 build/default/debug/led.o
 .debug_loc     0x000000000000012f       0x26 build/default/debug/usart.o
 .debug_loc     0x0000000000000155      0x939 build/default/debug/display.o

.debug_macinfo
 *(.debug_macinfo)

.debug_weaknames
 *(.debug_weaknames)

.debug_funcnames
 *(.debug_funcnames)

.debug_typenames
 *(.debug_typenames)

.debug_varnames
 *(.debug_varnames)

.debug_pubtypes
 *(.debug_pubtypes)

.debug_ranges   0x0000000000000000      0x128
 *(.debug_ranges)
 .debug_ranges  0x0000000000000000       0x28 build/default/debug/main.o
 .debug_ranges  0x0000000000000028       0x20 build/default/debug/button.o
 .debug_ranges  0x0000000000000048       0x28 build/default/debug/led.o
 .debug_ranges  0x0000000000000070       0x20 build/default/debug/usart.o
 .debug_ranges  0x0000000000000090       0x20 build/default/debug/adc.o
 .debug_ranges  0x00000000000000b0       0x78 build/default/debug/display.o

.debug_macro
 *(.debug_macro)
OUTPUT(dist/default/debug/IoT_Project.X.debug.elf elf32-avr)
LOAD linker stubs
LOAD data_init

.note.gnu.avr.deviceinfo
                0x0000000000000000       0x40
 .note.gnu.avr.deviceinfo
                0x0000000000000000       0x40 C:/Users/Jonas/.mchp_packs/Microchip/ATmega_DFP/3.0.158/xc8/avr/lib/avr5/memx-const/crtatmega328p.o

.bss.tripple_digit
                0x0000000000800158        0x3
 .bss.tripple_digit
                0x0000000000800158        0x3 build/default/debug/main.o
                0x0000000000800158                tripple_digit

.bss.double_digit
                0x000000000080015b        0x2
 .bss.double_digit
                0x000000000080015b        0x2 build/default/debug/main.o
                0x000000000080015b                double_digit

.bss.adcVal     0x0000000000800163        0x1
 .bss.adcVal    0x0000000000800163        0x1 build/default/debug/adc.o
                0x0000000000800163                adcVal

.bss.max        0x000000000080015d        0x2
 .bss.max       0x000000000080015d        0x2 build/default/debug/adc.o
                0x000000000080015d                max

.bss.counter    0x0000000000800164        0x1
 .bss.counter   0x0000000000800164        0x1 build/default/debug/adc.o
                0x0000000000800164                counter

.progmemx.data.Font
                0x000000000000016e      0x338
 .progmemx.data.Font
                0x000000000000016e      0x338 build/default/debug/display.o
                0x000000000000016e                Font

.text.TFT_Print
                0x00000000000004a6      0x22a
 .text.TFT_Print
                0x00000000000004a6      0x22a build/default/debug/display.o
                0x00000000000004a6                TFT_Print

.text.LEDs_React
                0x00000000000006d0      0x1e4
 .text.LEDs_React
                0x00000000000006d0      0x1e4 build/default/debug/led.o
                0x00000000000006d0                LEDs_React

.text.TFT_Window
                0x00000000000008b4      0x126
 .text.TFT_Window
                0x00000000000008b4      0x126 build/default/debug/display.o
                0x00000000000008b4                TFT_Window

.text.Display_init
                0x00000000000009da       0xf2
 .text.Display_init
                0x00000000000009da       0xf2 build/default/debug/display.o
                0x00000000000009da                Display_init

.text.__vector_21
                0x0000000000000acc       0xde
 .text.__vector_21
                0x0000000000000acc       0xde build/default/debug/adc.o
                0x0000000000000acc                __vector_21

.text.PercentageToString
                0x0000000000000baa       0xa4
 .text.PercentageToString
                0x0000000000000baa       0xa4 build/default/debug/main.o
                0x0000000000000baa                PercentageToString

.text.SendCommandSeq
                0x0000000000000c4e       0x84
 .text.SendCommandSeq
                0x0000000000000c4e       0x84 build/default/debug/display.o
                0x0000000000000c4e                SendCommandSeq

.text           0x0000000000000cd2       0x7a
 .text          0x0000000000000cd2       0x7a c:/program files/microchip/xc8/v2.40/avr/bin/../lib/gcc/avr/5.4.0/../../../../avr/lib/avr5/memx-const\libm.a(floatsisf.o)
                0x0000000000000cd2                __floatunsisf
                0x0000000000000cd6                __floatsisf

.text.main      0x0000000000000d4c       0x78
 .text.main     0x0000000000000d4c       0x78 build/default/debug/main.o
                0x0000000000000d4c                main

.text.init_adc  0x0000000000000dc4       0x74
 .text.init_adc
                0x0000000000000dc4       0x74 build/default/debug/adc.o
                0x0000000000000dc4                init_adc

.text.__vector_3
                0x0000000000000e38       0x72
 .text.__vector_3
                0x0000000000000e38       0x72 build/default/debug/button.o
                0x0000000000000e38                __vector_3

.text           0x0000000000000eaa       0x48
 .text          0x0000000000000eaa       0x48 c:/program files/microchip/xc8/v2.40/avr/bin/../lib/gcc/avr/5.4.0/../../../../avr/lib/avr5/memx-const\libm.a(fp_cmp.o)
                0x0000000000000eaa                __fp_cmp

.text.ADC_ToggleMux
                0x0000000000000ef2       0x42
 .text.ADC_ToggleMux
                0x0000000000000ef2       0x42 build/default/debug/button.o
                0x0000000000000ef2                ADC_ToggleMux

.text.Draw_Mode_Rec
                0x0000000000000f34       0x3a
 .text.Draw_Mode_Rec
                0x0000000000000f34       0x3a build/default/debug/display.o
                0x0000000000000f34                Draw_Mode_Rec

.text.Draw_Percentage_Rec
                0x0000000000000f6e       0x3a
 .text.Draw_Percentage_Rec
                0x0000000000000f6e       0x3a build/default/debug/display.o
                0x0000000000000f6e                Draw_Percentage_Rec

.text.Draw_CurrentPercentage
                0x0000000000000fa8       0x36
 .text.Draw_CurrentPercentage
                0x0000000000000fa8       0x36 build/default/debug/display.o
                0x0000000000000fa8                Draw_CurrentPercentage

.text.init      0x0000000000000fde       0x32
 .text.init     0x0000000000000fde       0x32 build/default/debug/main.o
                0x0000000000000fde                init

.text.ClearDisplay
                0x0000000000001010       0x2c
 .text.ClearDisplay
                0x0000000000001010       0x2c build/default/debug/display.o
                0x0000000000001010                ClearDisplay

.text.Draw_Top_Rec
                0x000000000000103c       0x2c
 .text.Draw_Top_Rec
                0x000000000000103c       0x2c build/default/debug/display.o
                0x000000000000103c                Draw_Top_Rec

.text.Draw_Bot_Rec
                0x0000000000001068       0x2c
 .text.Draw_Bot_Rec
                0x0000000000001068       0x2c build/default/debug/display.o
                0x0000000000001068                Draw_Bot_Rec

.text.init_button
                0x0000000000001094       0x1c
 .text.init_button
                0x0000000000001094       0x1c build/default/debug/button.o
                0x0000000000001094                init_button

.text.init_led  0x00000000000010b0       0x18
 .text.init_led
                0x00000000000010b0       0x18 build/default/debug/led.o
                0x00000000000010b0                init_led

.text.USART_Init
                0x00000000000010c8       0x16
 .text.USART_Init
                0x00000000000010c8       0x16 build/default/debug/usart.o
                0x00000000000010c8                USART_Init

.text.exit      0x00000000000010de       0x16
 .text.exit     0x00000000000010de       0x16 c:/program files/microchip/xc8/v2.40/avr/bin/../lib/gcc/avr/5.4.0/../../../../avr/lib/avr5/memx-const\libc.a(exit.o)
                0x00000000000010de                exit

.text.getADCVal
                0x00000000000010f4       0x14
 .text.getADCVal
                0x00000000000010f4       0x14 build/default/debug/adc.o
                0x00000000000010f4                getADCVal

.text.TFT_SPI_16BitPixelSend
                0x0000000000001108       0x14
 .text.TFT_SPI_16BitPixelSend
                0x0000000000001108       0x14 build/default/debug/display.o
                0x0000000000001108                TFT_SPI_16BitPixelSend

.text.leds_off  0x000000000000111c       0x10
 .text.leds_off
                0x000000000000111c       0x10 build/default/debug/led.o
                0x000000000000111c                leds_off

.text.leds_on   0x000000000000112c       0x10
 .text.leds_on  0x000000000000112c       0x10 build/default/debug/led.o
                0x000000000000112c                leds_on

.text.USART_Transmit
                0x000000000000113c       0x10
 .text.USART_Transmit
                0x000000000000113c       0x10 build/default/debug/usart.o
                0x000000000000113c                USART_Transmit

.text.USART_Receive
                0x000000000000114c       0x10
 .text.USART_Receive
                0x000000000000114c       0x10 build/default/debug/usart.o
                0x000000000000114c                USART_Receive

.text.libgcc    0x000000000000115c       0x10
 .text.libgcc   0x000000000000115c       0x10 c:/program files/microchip/xc8/v2.40/avr/bin/../lib/gcc/avr/5.4.0/avr5/memx-const\libgcc.a(_xload_2.o)
                0x000000000000115c                __xload_2

.text.SPISend8Bit
                0x000000000000116c        0xe
 .text.SPISend8Bit
                0x000000000000116c        0xe build/default/debug/display.o
                0x000000000000116c                SPISend8Bit

.text.SPI_init  0x000000000000117a        0xc
 .text.SPI_init
                0x000000000000117a        0xc build/default/debug/display.o
                0x000000000000117a                SPI_init

.text.libgcc    0x0000000000001186        0xc
 .text.libgcc   0x0000000000001186        0xc c:/program files/microchip/xc8/v2.40/avr/bin/../lib/gcc/avr/5.4.0/avr5/memx-const\libgcc.a(_tablejump2.o)
                0x0000000000001186                __tablejump2__

.text           0x0000000000001192        0xa
 .text          0x0000000000001192        0xa c:/program files/microchip/xc8/v2.40/avr/bin/../lib/gcc/avr/5.4.0/../../../../avr/lib/avr5/memx-const\libm.a(cmpsf2.o)
                0x0000000000001192                __nesf2
                0x0000000000001192                __eqsf2
                0x0000000000001192                __cmpsf2
                0x0000000000001192                __ltsf2
                0x0000000000001192                __lesf2

.text           0x000000000000119c        0xa
 .text          0x000000000000119c        0xa c:/program files/microchip/xc8/v2.40/avr/bin/../lib/gcc/avr/5.4.0/../../../../avr/lib/avr5/memx-const\libm.a(gesf2.o)
                0x000000000000119c                __gesf2
                0x000000000000119c                __gtsf2

.text           0x00000000000011a6        0x4
 .text          0x00000000000011a6        0x4 C:/Users/Jonas/.mchp_packs/Microchip/ATmega_DFP/3.0.158/xc8/avr/lib/avr5/memx-const/crtatmega328p.o
                0x00000000000011a6                __vector_22
                0x00000000000011a6                __vector_1
                0x00000000000011a6                __vector_24
                0x00000000000011a6                __vector_12
                0x00000000000011a6                __bad_interrupt
                0x00000000000011a6                __vector_6
                0x00000000000011a6                __vector_23
                0x00000000000011a6                __vector_25
                0x00000000000011a6                __vector_11
                0x00000000000011a6                __vector_13
                0x00000000000011a6                __vector_17
                0x00000000000011a6                __vector_19
                0x00000000000011a6                __vector_7
                0x00000000000011a6                __vector_5
                0x00000000000011a6                __vector_4
                0x00000000000011a6                __vector_9
                0x00000000000011a6                __vector_2
                0x00000000000011a6                __vector_15
                0x00000000000011a6                __vector_8
                0x00000000000011a6                __vector_14
                0x00000000000011a6                __vector_10
                0x00000000000011a6                __vector_16
                0x00000000000011a6                __vector_18
                0x00000000000011a6                __vector_20

.text._Exit     0x00000000000011aa        0x4
 .text._Exit    0x00000000000011aa        0x4 c:/program files/microchip/xc8/v2.40/avr/bin/../lib/gcc/avr/5.4.0/../../../../avr/lib/avr5/memx-const\libc.a(_Exit.o)
                0x00000000000011aa                _Exit

.text.__dummy_fini
                0x00000000000011ae        0x2
 .text.__dummy_fini
                0x00000000000011ae        0x2 c:/program files/microchip/xc8/v2.40/avr/bin/../lib/gcc/avr/5.4.0/../../../../avr/lib/avr5/memx-const\libc.a(exit.o)
                0x00000000000011ae                _fini

.text.__dummy_funcs_on_exit
                0x00000000000011b0        0x2
 .text.__dummy_funcs_on_exit
                0x00000000000011b0        0x2 c:/program files/microchip/xc8/v2.40/avr/bin/../lib/gcc/avr/5.4.0/../../../../avr/lib/avr5/memx-const\libc.a(exit.o)
                0x00000000000011b0                __funcs_on_exit

.text.__dummy_simulator_exit
                0x00000000000011b2        0x2
 .text.__dummy_simulator_exit
                0x00000000000011b2        0x2 c:/program files/microchip/xc8/v2.40/avr/bin/../lib/gcc/avr/5.4.0/../../../../avr/lib/avr5/memx-const\libc.a(exit.o)
                0x00000000000011b2                __simulator_exit

.rodata         0x0000000000800100       0x52 load address 0x00000000000011b4
 .rodata        0x0000000000800100       0x52 build/default/debug/display.o

.data.str_mode  0x0000000000800152        0x6 load address 0x0000000000001206
 .data.str_mode
                0x0000000000800152        0x6 build/default/debug/display.o
                0x0000000000800152                str_mode

.data.min       0x000000000080015f        0x2 load address 0x000000000000120c
 .data.min      0x000000000080015f        0x2 build/default/debug/adc.o
                0x000000000080015f                min

.data.str_percentage
                0x0000000000800161        0x2 load address 0x000000000000120e
 .data.str_percentage
                0x0000000000800161        0x2 build/default/debug/display.o
                0x0000000000800161                str_percentage
